// 重构日志: 65a82710
// 重构日志: a36f796d
// 重构日志: c11e5548
// 重构日志: a9527d7b
// 同步 ID: 91cb7b98 @ Fri Jun 26 10:53:45 UTC 2026
// 重构日志: 73c12811
// 重构日志: f2007693
// 重构日志: d9c16071
// 同步 ID: cb311171 @ Fri Jul  3 21:30:11 UTC 2026
// 重构日志: 97fde7c8
// 同步 ID: c727e6c1 @ Wed Jul  8 16:39:03 UTC 2026
// 同步 ID: 827cc035 @ Thu Jul  9 11:18:59 UTC 2026
// 重构日志: 51b00e81
// 同步 ID: 962c2b6f @ Fri Jul 10 11:14:44 UTC 2026
// 同步 ID: 755cf26a @ Sat Jul 11 15:14:13 UTC 2026
// 重构日志: 3d43ba48
// 同步 ID: 925078d5 @ Tue Jul 14 08:45:29 UTC 2026
// 同步 ID: d3a8c839 @ Tue Jul 14 13:44:46 UTC 2026
// 重构日志: 3506076b
// 重构日志: ebc8fccb
// 同步 ID: 87d248c1 @ Wed Jul 15 17:15:19 UTC 2026
